     1                                  ;Lecture 09 Example 1:
     2                                  
     3                                  ; a program to add three numbers using memory variables
     4                                  
     5                                  [org 0x0100]
     6                                  	
     7 00000000 A1[1700]                	    mov  ax, [num1]	; load first number in ax
     8 00000003 8B1E[1900]              		mov	bx, [num2]	; load second number in bx
     9                                  				
    10 00000007 01D8                    		add	ax, bx   	; accumulate sum in ax
    11 00000009 8B1E[1B00]              		mov	bx, [num3]	; load third number in bx
    12 0000000D 01D8                    		add	ax, bx  	; accumulate sum in ax
    13 0000000F A3[1D00]                		mov	[num4], ax	; store sum in num4
    14 00000012 B8004C                  		mov	ax, 0x4c00	; terminate program
    15                                  				
    16 00000015 CD21                    int	0x21	
    17 00000017 0500                    num1:	dw	5	
    18 00000019 0A00                    num2:	dw	10
    19 0000001B 0F00                    num3:	dw	15	
    20 0000001D 0000                    num4:	dw	0	
